[    0.000000] Initializing cgroup subsys cpuset
[    0.000000] Initializing cgroup subsys cpu
[    0.000000] Initializing cgroup subsys cpuacct
[    0.000000] Linux version 4.4.0-145-generic (buildd@lcy01-amd64-027) (gcc version 5.4.0 20160609 (Ubuntu 5.4.0-6ubuntu1~16.04.10) ) #171-Ubuntu SMP Tue Mar 26 12:43:40 UTC 2019 (Ubuntu 4.4.0-145.171-generic 4.4.176)
[    0.000000] Command line: BOOT_IMAGE=/boot/vmlinuz-4.4.0-145-generic root=LABEL=cloudimg-rootfs ro console=tty1 console=ttyS0
[    0.000000] KERNEL supported cpus:
[    0.000000]   Intel GenuineIntel
[    0.000000]   AMD AuthenticAMD
[    0.000000]   Centaur CentaurHauls
[    0.000000] x86/fpu: xstate_offset[2]:  576, xstate_sizes[2]:  256
[    0.000000] x86/fpu: Supporting XSAVE feature 0x01: 'x87 floating point registers'
[    0.000000] x86/fpu: Supporting XSAVE feature 0x02: 'SSE registers'
[    0.000000] x86/fpu: Supporting XSAVE feature 0x04: 'AVX registers'
[    0.000000] x86/fpu: Enabled xstate features 0x7, context size is 832 bytes, using 'standard' format.
[    0.000000] e820: BIOS-provided physical RAM map:
[    0.000000] BIOS-e820: [mem 0x0000000000000000-0x000000000009fbff] usable
[    0.000000] BIOS-e820: [mem 0x000000000009fc00-0x000000000009ffff] reserved
[    0.000000] BIOS-e820: [mem 0x00000000000f0000-0x00000000000fffff] reserved
[    0.000000] BIOS-e820: [mem 0x0000000000100000-0x00000000dffeffff] usable
[    0.000000] BIOS-e820: [mem 0x00000000dfff0000-0x00000000dfffffff] ACPI data
[    0.000000] BIOS-e820: [mem 0x00000000fec00000-0x00000000fec00fff] reserved
[    0.000000] BIOS-e820: [mem 0x00000000fee00000-0x00000000fee00fff] reserved
[    0.000000] BIOS-e820: [mem 0x00000000fffc0000-0x00000000ffffffff] reserved
[    0.000000] BIOS-e820: [mem 0x0000000100000000-0x000000011fffffff] usable
[    0.000000] NX (Execute Disable) protection: active
[    0.000000] SMBIOS 2.5 present.
[    0.000000] Hypervisor detected: KVM
[    0.000000] e820: last_pfn = 0x120000 max_arch_pfn = 0x400000000
[    0.000000] MTRR: Disabled
[    0.000000] x86/PAT: MTRRs disabled, skipping PAT initialization too.
[    0.000000] CPU MTRRs all blank - virtualized system.
[    0.000000] x86/PAT: Configuration [0-7]: WB  WT  UC- UC  WB  WT  UC- UC  
[    0.000000] e820: last_pfn = 0xdfff0 max_arch_pfn = 0x400000000
[    0.000000] found SMP MP-table at [mem 0x0009fff0-0x0009ffff] mapped at [ffff88000009fff0]
[    0.000000] Scanning 1 areas for low memory corruption
[    0.000000] RAMDISK: [mem 0x361ee000-0x370eefff]
[    0.000000] ACPI: Early table checksum verification disabled
[    0.000000] ACPI: RSDP 0x00000000000E0000 000024 (v02 VBOX  )
[    0.000000] ACPI: XSDT 0x00000000DFFF0030 00003C (v01 VBOX   VBOXXSDT 00000001 ASL  00000061)
[    0.000000] ACPI: FACP 0x00000000DFFF00F0 0000F4 (v04 VBOX   VBOXFACP 00000001 ASL  00000061)
[    0.000000] ACPI: DSDT 0x00000000DFFF0470 0022EA (v02 VBOX   VBOXBIOS 00000002 INTL 20100528)
[    0.000000] ACPI: FACS 0x00000000DFFF0200 000040
[    0.000000] ACPI: FACS 0x00000000DFFF0200 000040
[    0.000000] ACPI: APIC 0x00000000DFFF0240 00005C (v02 VBOX   VBOXAPIC 00000001 ASL  00000061)
[    0.000000] ACPI: SSDT 0x00000000DFFF02A0 0001CC (v01 VBOX   VBOXCPUT 00000002 INTL 20100528)
[    0.000000] No NUMA configuration found
[    0.000000] Faking a node at [mem 0x0000000000000000-0x000000011fffffff]
[    0.000000] NODE_DATA(0) allocated [mem 0x11fff7000-0x11fffbfff]
[    0.000000] kvm-clock: Using msrs 4b564d01 and 4b564d00
[    0.000000] kvm-clock: cpu 0, msr 1:1ffef001, primary cpu clock
[    0.000000] kvm-clock: using sched offset of 4731182110 cycles
[    0.000000] clocksource: kvm-clock: mask: 0xffffffffffffffff max_cycles: 0x1cd42e4dffb, max_idle_ns: 881590591483 ns
[    0.000000] Zone ranges:
[    0.000000]   DMA      [mem 0x0000000000001000-0x0000000000ffffff]
[    0.000000]   DMA32    [mem 0x0000000001000000-0x00000000ffffffff]
[    0.000000]   Normal   [mem 0x0000000100000000-0x000000011fffffff]
[    0.000000]   Device   empty
[    0.000000] Movable zone start for each node
[    0.000000] Early memory node ranges
[    0.000000]   node   0: [mem 0x0000000000001000-0x000000000009efff]
[    0.000000]   node   0: [mem 0x0000000000100000-0x00000000dffeffff]
[    0.000000]   node   0: [mem 0x0000000100000000-0x000000011fffffff]
[    0.000000] Initmem setup node 0 [mem 0x0000000000001000-0x000000011fffffff]
[    0.000000] ACPI: PM-Timer IO Port: 0x4008
[    0.000000] IOAPIC[0]: apic_id 2, version 32, address 0xfec00000, GSI 0-23
[    0.000000] ACPI: INT_SRC_OVR (bus 0 bus_irq 0 global_irq 2 dfl dfl)
[    0.000000] ACPI: INT_SRC_OVR (bus 0 bus_irq 9 global_irq 9 low level)
[    0.000000] Using ACPI (MADT) for SMP configuration information
[    0.000000] smpboot: Allowing 2 CPUs, 0 hotplug CPUs
[    0.000000] PM: Registered nosave memory: [mem 0x00000000-0x00000fff]
[    0.000000] PM: Registered nosave memory: [mem 0x0009f000-0x0009ffff]
[    0.000000] PM: Registered nosave memory: [mem 0x000a0000-0x000effff]
[    0.000000] PM: Registered nosave memory: [mem 0x000f0000-0x000fffff]
[    0.000000] PM: Registered nosave memory: [mem 0xdfff0000-0xdfffffff]
[    0.000000] PM: Registered nosave memory: [mem 0xe0000000-0xfebfffff]
[    0.000000] PM: Registered nosave memory: [mem 0xfec00000-0xfec00fff]
[    0.000000] PM: Registered nosave memory: [mem 0xfec01000-0xfedfffff]
[    0.000000] PM: Registered nosave memory: [mem 0xfee00000-0xfee00fff]
[    0.000000] PM: Registered nosave memory: [mem 0xfee01000-0xfffbffff]
[    0.000000] PM: Registered nosave memory: [mem 0xfffc0000-0xffffffff]
[    0.000000] e820: [mem 0xe0000000-0xfebfffff] available for PCI devices
[    0.000000] Booting paravirtualized kernel on KVM
[    0.000000] clocksource: refined-jiffies: mask: 0xffffffff max_cycles: 0xffffffff, max_idle_ns: 7645519600211568 ns
[    0.000000] setup_percpu: NR_CPUS:512 nr_cpumask_bits:512 nr_cpu_ids:2 nr_node_ids:1
[    0.000000] PERCPU: Embedded 34 pages/cpu @ffff88011fc00000 s99480 r8192 d31592 u1048576
[    0.000000] Built 1 zonelists in Node order, mobility grouping on.  Total pages: 1032056
[    0.000000] Policy zone: Normal
[    0.000000] Kernel command line: BOOT_IMAGE=/boot/vmlinuz-4.4.0-145-generic root=LABEL=cloudimg-rootfs ro console=tty1 console=ttyS0
[    0.000000] PID hash table entries: 4096 (order: 3, 32768 bytes)
[    0.000000] Memory: 4027708K/4193848K available (8608K kernel code, 1333K rwdata, 4008K rodata, 1484K init, 1284K bss, 166140K reserved, 0K cma-reserved)
[    0.000000] SLUB: HWalign=64, Order=0-3, MinObjects=0, CPUs=2, Nodes=1
[    0.000000] Kernel/User page tables isolation: enabled
[    0.000000] Hierarchical RCU implementation.
[    0.000000] 	Build-time adjustment of leaf fanout to 64.
[    0.000000] 	RCU restricting CPUs from NR_CPUS=512 to nr_cpu_ids=2.
[    0.000000] RCU: Adjusting geometry for rcu_fanout_leaf=64, nr_cpu_ids=2
[    0.000000] NR_IRQS:33024 nr_irqs:440 16
[    0.000000] Console: colour VGA+ 80x25
[    0.000000] console [tty1] enabled
[    0.000000] console [ttyS0] enabled
[    0.000000] tsc: Detected 3392.304 MHz processor
[    0.459185] Calibrating delay loop (skipped) preset value.. 6784.60 BogoMIPS (lpj=13569216)
[    0.462331] pid_max: default: 32768 minimum: 301
[    0.464029] ACPI: Core revision 20150930
[    0.469096] ACPI: 2 ACPI AML tables successfully acquired and loaded
[    0.472037] Security Framework initialized
[    0.474184] Yama: becoming mindful.
[    0.475850] AppArmor: AppArmor initialized
[    0.479208] Dentry cache hash table entries: 524288 (order: 10, 4194304 bytes)
[    0.487656] Inode-cache hash table entries: 262144 (order: 9, 2097152 bytes)
[    0.491301] Mount-cache hash table entries: 8192 (order: 4, 65536 bytes)
[    0.493430] Mountpoint-cache hash table entries: 8192 (order: 4, 65536 bytes)
[    0.497351] Initializing cgroup subsys io
[    0.499456] Initializing cgroup subsys memory
[    0.501324] Initializing cgroup subsys devices
[    0.503220] Initializing cgroup subsys freezer
[    0.505184] Initializing cgroup subsys net_cls
[    0.506838] Initializing cgroup subsys perf_event
[    0.508965] Initializing cgroup subsys net_prio
[    0.510659] Initializing cgroup subsys hugetlb
[    0.512458] Initializing cgroup subsys pids
[    0.514695] mce: CPU supports 0 MCE banks
[    0.517008] Last level iTLB entries: 4KB 512, 2MB 8, 4MB 8
[    0.519308] Last level dTLB entries: 4KB 512, 2MB 32, 4MB 32, 1GB 0
[    0.521813] Spectre V2 : Mitigation: Full generic retpoline
[    0.523730] Spectre V2 : Spectre v2 / SpectreRSB mitigation: Filling RSB on context switch
[    0.526788] Speculative Store Bypass: Vulnerable
[    0.534484] Freeing SMP alternatives memory: 36K
[    0.546515] ftrace: allocating 32283 entries in 127 pages
[    0.651711] smpboot: APIC(0) Converting physical 0 to logical package 0
[    0.654401] smpboot: Max logical packages: 1
[    0.656827] x2apic enabled
[    0.658873] Switched APIC routing to physical x2apic.
[    0.663550] ..TIMER: vector=0x30 apic1=0 pin1=2 apic2=-1 pin2=-1
[    0.773945] smpboot: CPU0: Intel(R) Core(TM) i7-3770 CPU @ 3.40GHz (family: 0x6, model: 0x3a, stepping: 0x9)
[    0.777949] Performance Events: unsupported p6 CPU model 58 no PMU driver, software events only.
[    0.796347] KVM setup paravirtual spinlock
[    0.799137] x86: Booting SMP configuration:
[    0.800813] .... node  #0, CPUs:      #1
[    0.802356] kvm-clock: cpu 1, msr 1:1ffef041, secondary cpu clock
[    0.804368] mce: CPU supports 0 MCE banks
[    0.807358] x86: Booted up 1 node, 2 CPUs
[    0.809588] smpboot: Total of 2 processors activated (13569.21 BogoMIPS)
[    0.812441] devtmpfs: initialized
[    0.825606] evm: security.selinux
[    0.827044] evm: security.SMACK64
[    0.828512] evm: security.SMACK64EXEC
[    0.830301] evm: security.SMACK64TRANSMUTE
[    0.832592] evm: security.SMACK64MMAP
[    0.834312] evm: security.ima
[    0.835752] evm: security.capability
[    0.837508] clocksource: jiffies: mask: 0xffffffff max_cycles: 0xffffffff, max_idle_ns: 7645041785100000 ns
[    0.841115] futex hash table entries: 512 (order: 3, 32768 bytes)
[    0.843363] pinctrl core: initialized pinctrl subsystem
[    0.845588] RTC time: 19:45:06, date: 05/06/19
[    0.847712] NET: Registered protocol family 16
[    0.862704] cpuidle: using governor ladder
[    0.873474] cpuidle: using governor menu
[    0.876548] PCCT header not found.
[    0.880133] ACPI: bus type PCI registered
[    0.883729] acpiphp: ACPI Hot Plug PCI Controller Driver version: 0.5
[    0.888345] PCI: Using configuration type 1 for base access
[    0.907977] ACPI: Added _OSI(Module Device)
[    0.910372] ACPI: Added _OSI(Processor Device)
[    0.912303] ACPI: Added _OSI(3.0 _SCP Extensions)
[    0.914391] ACPI: Added _OSI(Processor Aggregator Device)
[    0.917760] ACPI: Executed 1 blocks of module-level executable AML code
[    0.925458] ACPI: Interpreter enabled
[    0.927225] ACPI: (supports S0 S5)
[    0.928903] ACPI: Using IOAPIC for interrupt routing
[    0.931163] PCI: Using host bridge windows from ACPI; if necessary, use "pci=nocrs" and report a bug
[    0.942537] ACPI: PCI Root Bridge [PCI0] (domain 0000 [bus 00-ff])
[    0.944763] acpi PNP0A03:00: _OSC: OS supports [ASPM ClockPM Segments MSI]
[    0.948244] acpi PNP0A03:00: _OSC: not requesting OS control; OS requires [ExtendedConfig ASPM ClockPM MSI]
[    0.951846] acpi PNP0A03:00: fail to add MMCONFIG information, can't access extended PCI configuration space under this bridge.
[    0.958135] PCI host bridge to bus 0000:00
[    0.960096] pci_bus 0000:00: root bus resource [io  0x0000-0x0cf7 window]
[    0.962608] pci_bus 0000:00: root bus resource [io  0x0d00-0xffff window]
[    0.965027] pci_bus 0000:00: root bus resource [mem 0x000a0000-0x000bffff window]
[    1.010012] pci_bus 0000:00: root bus resource [mem 0xe0000000-0xfdffffff window]
[    1.016932] pci_bus 0000:00: root bus resource [bus 00-ff]
[    1.025277] pci 0000:00:01.1: legacy IDE quirk: reg 0x10: [io  0x01f0-0x01f7]
[    1.028591] pci 0000:00:01.1: legacy IDE quirk: reg 0x14: [io  0x03f6]
[    1.032547] pci 0000:00:01.1: legacy IDE quirk: reg 0x18: [io  0x0170-0x0177]
[    1.035337] pci 0000:00:01.1: legacy IDE quirk: reg 0x1c: [io  0x0376]
[    1.097462] pci 0000:00:07.0: quirk: [io  0x4000-0x403f] claimed by PIIX4 ACPI
[    1.100829] pci 0000:00:07.0: quirk: [io  0x4100-0x410f] claimed by PIIX4 SMB
[    1.139123] ACPI: PCI Interrupt Link [LNKA] (IRQs 5 9 10 *11)
[    1.142529] ACPI: PCI Interrupt Link [LNKB] (IRQs 5 9 *10 11)
[    1.145871] ACPI: PCI Interrupt Link [LNKC] (IRQs 5 *9 10 11)
[    1.149011] ACPI: PCI Interrupt Link [LNKD] (IRQs 5 9 10 *11)
[    1.152260] ACPI: Enabled 2 GPEs in block 00 to 07
[    1.154819] vgaarb: setting as boot device: PCI:0000:00:02.0
[    1.156792] vgaarb: device added: PCI:0000:00:02.0,decodes=io+mem,owns=io+mem,locks=none
[    1.160983] vgaarb: loaded
[    1.162443] vgaarb: bridge control possible 0000:00:02.0
[    1.165245] SCSI subsystem initialized
[    1.167317] ACPI: bus type USB registered
[    1.169542] usbcore: registered new interface driver usbfs
[    1.171821] usbcore: registered new interface driver hub
[    1.174452] usbcore: registered new device driver usb
[    1.176727] PCI: Using ACPI for IRQ routing
[    1.179048] NetLabel: Initializing
[    1.181563] NetLabel:  domain hash size = 128
[    1.184118] NetLabel:  protocols = UNLABELED CIPSOv4
[    1.185848] NetLabel:  unlabeled traffic allowed by default
[    1.188787] amd_nb: Cannot enumerate AMD northbridges
[    1.192123] clocksource: Switched to clocksource kvm-clock
[    1.210267] AppArmor: AppArmor Filesystem Enabled
[    1.212773] pnp: PnP ACPI init
[    1.216153] pnp: PnP ACPI: found 3 devices
[    1.230760] clocksource: acpi_pm: mask: 0xffffff max_cycles: 0xffffff, max_idle_ns: 2085701024 ns
[    1.237462] NET: Registered protocol family 2
[    1.241767] TCP established hash table entries: 32768 (order: 6, 262144 bytes)
[    1.246552] TCP bind hash table entries: 32768 (order: 7, 524288 bytes)
[    1.250418] TCP: Hash tables configured (established 32768 bind 32768)
[    1.252802] UDP hash table entries: 2048 (order: 4, 65536 bytes)
[    1.255041] UDP-Lite hash table entries: 2048 (order: 4, 65536 bytes)
[    1.259288] NET: Registered protocol family 1
[    1.261273] pci 0000:00:00.0: Limiting direct PCI/PCI transfers
[    1.263456] pci 0000:00:01.0: Activating ISA DMA hang workarounds
[    1.266364] Unpacking initramfs...
[    1.721281] Freeing initrd memory: 15364K
[    1.723430] PCI-DMA: Using software bounce buffering for IO (SWIOTLB)
[    1.726047] software IO TLB: mapped [mem 0xdbff0000-0xdfff0000] (64MB)
[    1.728882] RAPL PMU detected, API unit is 2^-32 Joules, 3 fixed counters 10737418240 ms ovfl timer
[    1.732104] hw unit of domain pp0-core 2^-0 Joules
[    1.733846] hw unit of domain package 2^-0 Joules
[    1.735873] hw unit of domain pp1-gpu 2^-0 Joules
[    1.737985] platform rtc_cmos: registered platform RTC device (no PNP device found)
[    1.741126] Scanning for low memory corruption every 60 seconds
[    1.744218] audit: initializing netlink subsys (disabled)
[    1.746081] audit: type=2000 audit(1557171913.212:1): initialized
[    1.749041] Initialise system trusted keyring
[    1.750846] HugeTLB registered 2 MB page size, pre-allocated 0 pages
[    1.756250] zbud: loaded
[    1.758067] VFS: Disk quotas dquot_6.6.0
[    1.759673] VFS: Dquot-cache hash table entries: 512 (order 0, 4096 bytes)
[    1.762447] squashfs: version 4.0 (2009/01/31) Phillip Lougher
[    1.764991] fuse init (API version 7.23)
[    1.766817] Key type big_key registered
[    1.768423] Allocating IMA MOK and blacklist keyrings.
[    1.772608] Key type asymmetric registered
[    1.774539] Asymmetric key parser 'x509' registered
[    1.776392] Block layer SCSI generic (bsg) driver version 0.4 loaded (major 249)
[    1.779555] io scheduler noop registered
[    1.781635] io scheduler deadline registered (default)
[    1.783566] io scheduler cfq registered
[    1.785603] pci_hotplug: PCI Hot Plug PCI Core version: 0.5
[    1.788410] pciehp: PCI Express Hot Plug Controller Driver version: 0.4
[    1.791013] ACPI: AC Adapter [AC] (on-line)
[    1.792766] input: Power Button as /devices/LNXSYSTM:00/LNXPWRBN:00/input/input0
[    1.795570] ACPI: Power Button [PWRF]
[    1.797361] input: Sleep Button as /devices/LNXSYSTM:00/LNXSLPBN:00/input/input1
[    1.800766] ACPI: Sleep Button [SLPF]
[    1.802714] GHES: HEST is not enabled!
[    1.804723] Serial: 8250/16550 driver, 32 ports, IRQ sharing enabled
 	
 !"#$%&'()*+,-./0123456789:;<=>?@ABCDEFGHIJKLMNOPQRSTUVWXYZ[\]^_`abcdefghijklmnopqrstuvwxyz{|}~ÄÅÇÉÑÖÜáàâäãåçéèêëíìîïñóòôöõúùûü†°¢£§•¶ß®©™´¨≠ÆØ∞±≤≥¥µ∂∑∏π∫ªºΩæø¿¡¬√ƒ≈∆«»… ÀÃÕŒœ–—“”‘’÷◊ÿŸ⁄€‹›ﬁﬂ‡·‚„‰ÂÊÁËÈÍÎÏÌÓÔÒÚÛÙıˆ˜¯˘˙˚¸˝˛ˇ[    1.833905] 00:02: ttyS0 at I/O 0x3f8 (irq = 4, base_baud = 115200) is a 16550A
[    1.846071] Linux agpgart interface v0.103
[    1.854424] loop: module loaded
[    1.857079] scsi host0: ata_piix
[    1.858610] scsi host1: ata_piix
[    1.860012] ata1: PATA max UDMA/33 cmd 0x1f0 ctl 0x3f6 bmdma 0xd000 irq 14
[    1.863083] ata2: PATA max UDMA/33 cmd 0x170 ctl 0x376 bmdma 0xd008 irq 15
[    1.866149] libphy: Fixed MDIO Bus: probed
[    1.868008] tun: Universal TUN/TAP device driver, 1.6
[    1.870218] tun: (C) 1999-2004 Max Krasnyansky <maxk@qualcomm.com>
[    1.872668] PPP generic driver version 2.4.2
[    1.874504] ehci_hcd: USB 2.0 'Enhanced' Host Controller (EHCI) Driver
[    1.876713] ehci-pci: EHCI PCI platform driver
[    1.878366] ehci-platform: EHCI generic platform driver
[    1.880323] ohci_hcd: USB 1.1 'Open' Host Controller (OHCI) Driver
[    1.882617] ohci-pci: OHCI PCI platform driver
[    1.884594] ohci-platform: OHCI generic platform driver
[    1.886908] uhci_hcd: USB Universal Host Controller Interface driver
[    1.889199] i8042: PNP: PS/2 Controller [PNP0303:PS2K,PNP0f03:PS2M] at 0x60,0x64 irq 1,12
[    1.893005] serio: i8042 KBD port at 0x60,0x64 irq 1
[    1.894783] serio: i8042 AUX port at 0x60,0x64 irq 12
[    1.897260] mousedev: PS/2 mouse device common for all mice
[    1.899913] input: AT Translated Set 2 keyboard as /devices/platform/i8042/serio0/input/input2
[    1.904324] rtc_cmos rtc_cmos: rtc core: registered rtc_cmos as rtc0
[    1.906457] rtc_cmos rtc_cmos: alarms up to one day, 114 bytes nvram
[    1.908591] i2c /dev entries driver
[    1.910058] device-mapper: uevent: version 1.0.3
[    1.911969] device-mapper: ioctl: 4.34.0-ioctl (2015-10-28) initialised: dm-devel@redhat.com
[    1.915718] ledtrig-cpu: registered to indicate activity on CPUs
[    1.918804] NET: Registered protocol family 10
[    1.921404] NET: Registered protocol family 17
[    1.923024] Key type dns_resolver registered
[    1.925955] registered taskstats version 1
[    1.927770] Loading compiled-in X.509 certificates
[    1.930879] Loaded X.509 cert 'Build time autogenerated kernel key: 766cb56454e39ea623681e1efb4bf4db48a2396c'
[    1.936497] zswap: loaded using pool lzo/zbud
[    1.942633] Key type trusted registered
[    1.948761] Key type encrypted registered
[    1.950540] AppArmor: AppArmor sha1 policy hashing enabled
[    1.952852] ima: No TPM chip found, activating TPM-bypass!
[    1.954766] ima: Allocated hash algorithm: sha1
[    1.957033] evm: HMAC attrs: 0x1
[    1.959329]   Magic number: 3:695:798
[    1.961207] rtc_cmos rtc_cmos: setting system clock to 2019-05-06 19:45:07 UTC (1557171907)
[    1.964878] BIOS EDD facility v0.16 2004-Jun-25, 0 devices found
[    1.967018] EDD information not available.
[    2.028333] Freeing unused kernel memory: 1484K
[    2.030046] Write protecting the kernel read-only data: 14336k
[    2.032967] Freeing unused kernel memory: 1620K
[    2.035283] Freeing unused kernel memory: 88K
Loading, please wait...
starting version 229
[    2.057827] random: systemd-udevd: uninitialized urandom read (16 bytes read, 2 bits of entropy available)
[    2.059503] random: udevadm: uninitialized urandom read (16 bytes read, 2 bits of entropy available)
[    2.059541] random: udevadm: uninitialized urandom read (16 bytes read, 2 bits of entropy available)
[    2.069056] random: systemd-udevd: uninitialized urandom read (16 bytes read, 2 bits of entropy available)
[    2.073540] random: systemd-udevd: uninitialized urandom read (16 bytes read, 2 bits of entropy available)
[    2.077997] random: systemd-udevd: uninitialized urandom read (16 bytes read, 2 bits of entropy available)
[    2.085120] random: systemd-udevd: uninitialized urandom read (16 bytes read, 2 bits of entropy available)
[    2.089502] random: systemd-udevd: uninitialized urandom read (16 bytes read, 2 bits of entropy available)
[    2.090948] random: udevadm: uninitialized urandom read (16 bytes read, 2 bits of entropy available)
[    2.091039] random: udevadm: uninitialized urandom read (16 bytes read, 2 bits of entropy available)
[    2.187964] Fusion MPT base driver 3.04.20
[    2.190769] Copyright (c) 1999-2008 LSI Corporation
[    2.226605] e1000: Intel(R) PRO/1000 Network Driver - version 7.3.21-k8-NAPI
[    2.229690] e1000: Copyright (c) 1999-2006 Intel Corporation.
[    2.265704] AVX version of gcm_enc/dec engaged.
[    2.267399] AES CTR mode by8 optimization enabled
[    2.279717] Fusion MPT SPI Host driver 3.04.20
[    2.450645] input: ImExPS/2 Generic Explorer Mouse as /devices/platform/i8042/serio1/input/input4
[    2.703425] e1000 0000:00:03.0 eth0: (PCI:33MHz:32-bit) 02:63:27:9f:3f:f3
[    2.708507] e1000 0000:00:03.0 eth0: Intel(R) PRO/1000 Network Connection
[    2.736235] tsc: Refined TSC clocksource calibration: 3392.620 MHz
[    2.738601] clocksource: tsc: mask: 0xffffffffffffffff max_cycles: 0x30e7139401e, max_idle_ns: 440795380776 ns
[    3.154778] e1000 0000:00:08.0 eth1: (PCI:33MHz:32-bit) 08:00:27:7a:48:e1
[    3.183531] e1000 0000:00:08.0 eth1: Intel(R) PRO/1000 Network Connection
[    3.187944] e1000 0000:00:03.0 enp0s3: renamed from eth0
[    3.190137] mptbase: ioc0: Initiating bringup
[    3.205328] e1000 0000:00:08.0 enp0s8: renamed from eth1
[    3.263025] ioc0: LSI53C1030 A0: Capabilities={Initiator}
[    3.804971] scsi host2: ioc0: LSI53C1030 A0, FwRev=00000000h, Ports=1, MaxQ=256, IRQ=20
[    4.262523] scsi 2:0:0:0: Direct-Access     VBOX     HARDDISK         1.0  PQ: 0 ANSI: 5
[    4.265625] scsi target2:0:0: Beginning Domain Validation
[    4.269462] scsi target2:0:0: Domain Validation skipping write tests
[    4.272263] scsi target2:0:0: Ending Domain Validation
[    4.274387] scsi target2:0:0: asynchronous
[    4.276716] scsi 2:0:1:0: Direct-Access     VBOX     HARDDISK         1.0  PQ: 0 ANSI: 5
[    4.279686] scsi target2:0:1: Beginning Domain Validation
[    4.283306] scsi target2:0:1: Domain Validation skipping write tests
[    4.285561] scsi target2:0:1: Ending Domain Validation
[    4.287918] scsi target2:0:1: asynchronous
[    4.297409] sd 2:0:0:0: Attached scsi generic sg0 type 0
[    4.299529] sd 2:0:0:0: [sda] 20971520 512-byte logical blocks: (10.7 GB/10.0 GiB)
[    4.299793] sd 2:0:1:0: Attached scsi generic sg1 type 0
[    4.299984] sd 2:0:1:0: [sdb] 20480 512-byte logical blocks: (10.5 MB/10.0 MiB)
[    4.300231] sd 2:0:1:0: [sdb] Write Protect is off
[    4.300458] sd 2:0:1:0: [sdb] Incomplete mode parameter data
[    4.300461] sd 2:0:1:0: [sdb] Assuming drive cache: write through
[    4.315243] sd 2:0:0:0: [sda] Write Protect is off
[    4.317237] sd 2:0:0:0: [sda] Incomplete mode parameter data
[    4.319614] sd 2:0:0:0: [sda] Assuming drive cache: write through
[    4.359664]  sda: sda1
[    4.362243] sd 2:0:0:0: [sda] Attached SCSI disk
[    4.402387] sd 2:0:1:0: [sdb] Attached SCSI disk
Begin: Loading essential drivers ... [    6.639790] md: linear personality registered for level -1
[    6.646914] md: multipath personality registered for level -4
[    6.652678] md: raid0 personality registered for level 0
[    6.661909] md: raid1 personality registered for level 1
[    6.736547] raid6: sse2x1   gen()  1972 MB/s
[    6.804391] raid6: sse2x1   xor()  1894 MB/s
[    6.872253] raid6: sse2x2   gen()  5139 MB/s
[    6.940243] raid6: sse2x2   xor()  3344 MB/s
[    7.008133] raid6: sse2x4   gen()  4483 MB/s
[    7.076151] raid6: sse2x4   xor()  3506 MB/s
[    7.080007] raid6: using algorithm sse2x2 gen() 5139 MB/s
[    7.084157] raid6: .... xor() 3344 MB/s, rmw enabled
[    7.087971] raid6: using ssse3x2 recovery algorithm
[    7.094874] xor: automatically using best checksumming function:
[    7.136366]    avx       : 18952.000 MB/sec
[    7.139839] async_tx: api initialized (async)
[    7.155400] md: raid6 personality registered for level 6
[    7.157825] md: raid5 personality registered for level 5
[    7.160107] md: raid4 personality registered for level 4
[    7.172929] md: raid10 personality registered for level 10
done.
Begin: Running /scripts/init-premount ... done.
Begin: Mounting root file system ... Begin: Running /scripts/local-top ... done.
Begin: Running /scripts/local-premount ... [    7.228876] Btrfs loaded
Scanning for Btrfs filesystems
done.
Warning: fsck not present, so skipping root file system
[    7.410315] EXT4-fs (sda1): mounted filesystem with ordered data mode. Opts: (null)
done.
Begin: Running /scripts/local-bottom ... done.
Begin: Running /scripts/init-bottom ... done.
[    8.798227] random: nonblocking pool is initialized
[    9.633744] systemd[1]: systemd 229 running in system mode. (+PAM +AUDIT +SELINUX +IMA +APPARMOR +SMACK +SYSVINIT +UTMP +LIBCRYPTSETUP +GCRYPT +GNUTLS +ACL +XZ -LZ4 +SECCOMP +BLKID +ELFUTILS +KMOD -IDN)
[    9.641639] systemd[1]: Detected virtualization oracle.
[    9.643745] systemd[1]: Detected architecture x86-64.

Welcome to [1mUbuntu 16.04.6 LTS[0m!

[   10.002533] systemd[1]: Set hostname to <ansible>.
[   12.383088] systemd[1]: Listening on udev Kernel Socket.
[[0;32m  OK  [0m] Listening on udev Kernel Socket.
[   12.392906] systemd[1]: Listening on Journal Socket (/dev/log).
[[0;32m  OK  [0m] Listening on Journal Socket (/dev/log).
[   12.396851] systemd[1]: Reached target System Time Synchronized.
[[0;32m  OK  [0m] Reached target System Time Synchronized.
[   12.400980] systemd[1]: Set up automount Arbitrary Executable File Formats File System Automount Point.
[[0;32m  OK  [0m] Set up automount Arbitrary Executab...ats File System Automount Point.
[   12.405805] systemd[1]: Listening on Journal Socket.
[[0;32m  OK  [0m] Listening on Journal Socket.
[   12.408993] systemd[1]: Reached target Encrypted Volumes.
[[0;32m  OK  [0m] Reached target Encrypted Volumes.
[   12.412694] systemd[1]: Listening on Journal Audit Socket.
[[0;32m  OK  [0m] Listening on Journal Audit Socket.
[   12.421212] systemd[1]: Listening on LVM2 metadata daemon socket.
[[0;32m  OK  [0m] Listening on LVM2 metadata daemon socket.
[   12.425119] systemd[1]: Created slice User and Session Slice.
[[0;32m  OK  [0m] Created slice User and Session Slice.
[   12.428938] systemd[1]: Listening on LVM2 poll daemon socket.
[[0;32m  OK  [0m] Listening on LVM2 poll daemon socket.
[   12.432487] systemd[1]: Listening on Syslog Socket.
[[0;32m  OK  [0m] Listening on Syslog Socket.
[   12.435247] systemd[1]: Reached target Swap.
[[0;32m  OK  [0m] Reached target Swap.
[   12.438095] systemd[1]: Reached target User and Group Name Lookups.
[[0;32m  OK  [0m] Reached target User and Group Name Lookups.
[   12.448515] systemd[1]: Listening on /dev/initctl Compatibility Named Pipe.
[[0;32m  OK  [0m] Listening on /dev/initctl Compatibility Named Pipe.
[   12.452483] systemd[1]: Listening on udev Control Socket.
[[0;32m  OK  [0m] Listening on udev Control Socket.
[   12.456417] systemd[1]: Created slice System Slice.
[[0;32m  OK  [0m] Created slice System Slice.
[   12.482190] systemd[1]: Reached target Slices.
[[0;32m  OK  [0m] Reached target Slices.
[   12.508999] systemd[1]: Starting Create list of required static device nodes for the current kernel...
         Starting Create list of required st... nodes for the current kernel...
[   12.516420] systemd[1]: Starting Uncomplicated firewall...
         Starting Uncomplicated firewall...
[   12.520518] systemd[1]: Created slice system-serial\x2dgetty.slice.
[[0;32m  OK  [0m] Created slice system-serial\x2dgetty.slice.
[   12.525222] systemd[1]: Mounting Huge Pages File System...
         Mounting Huge Pages File System...
[   12.529069] systemd[1]: Starting Remount Root and Kernel File Systems...
         Starting Remount Root and Kernel File Systems...
[   12.534326] systemd[1]: Starting Set console keymap...
         Starting Set console keymap...
[   12.538700] systemd[1]: Starting Nameserver information manager...
         Starting Nameserver information manager...
[   12.542073] systemd[1]: Started Trigger resolvconf update for networkd DNS.
[[0;32m  OK  [0m] Started Trigger resolvconf update for networkd DNS.
[   12.545830] systemd[1]: Listening on Device-mapper event daemon FIFOs.
[[0;32m  OK  [0m] Listening on Device-mapper event daemon FIFOs.
[   12.550723] systemd[1]: Mounting POSIX Message Queue File System...
         Mounting POSIX Message Queue File System...
[   12.589104] systemd[1]: Starting Load Kernel Modules...
         Starting Load Kernel Modules...
[   12.595641] systemd[1]: Mounting Debug File System...
         Mounting Debug File System...
[   12.600769] systemd[1]: Starting Monitoring of LVM2 mirrors, snapshots etc. using dmeventd or progress polling...
         Starting Monitoring of LVM2 mirrors... dmeventd or progress polling...
[   12.605935] systemd[1]: Started Forward Password Requests to Wall Directory Watch.
[[0;32m  OK  [0m] Started Forward Password Requests to Wall Directory Watch.
[   12.611538] systemd[1]: Starting Journal Service...
         Starting Journal Service...
[   12.618303] systemd[1]: Started Create list of required static device nodes for the current kernel.
[[0;32m  OK  [0m] Started Create list of required sta...ce nodes for the current kernel.
[   12.624208] systemd[1]: Started Uncomplicated firewall.
[[0;32m  OK  [0m] Started Uncomplicated firewall.
[   12.688950] systemd[1]: Starting Create Static Device Nodes in /dev...
         Starting Create Static Device Nodes in /dev...
[   12.805847] systemd[1]: Mounted Debug File System.
[[0;32m  OK  [0m] Mounted Debug File System.
[   12.811150] systemd[1]: Mounted POSIX Message Queue File System.
[[0;32m  OK  [0m] Mounted POSIX Message Queue File System.
[   12.820575] systemd[1]: Mounted Huge Pages File System.
[   12.820612] EXT4-fs (sda1): re-mounted. Opts: (null)
[[0;32m  OK  [0m] Mounted Huge Pages File System.
[   12.827998] systemd[1]: Started Remount Root and Kernel File Systems.
[[0;32m  OK  [0m] Started Remount Root and Kernel File Systems.
[   12.932745] systemd[1]: Starting udev Coldplug all Devices...
         Starting udev Coldplug all Devices...
[   12.937461] systemd[1]: Starting Load/Save Random Seed...
         Starting Load/Save Random Seed...
[   12.940983] systemd[1]: Started Nameserver information manager.
[[0;32m  OK  [0m] Started Nameserver information manager.
[   13.083272] systemd[1]: Started Journal Service.
[[0;32m  OK  [0m] Started Journal Service.
         Starting Flush Journal to Persistent Storage...
[[0;32m  OK  [0m] Started Load/Save Random Seed.
[[0;32m  OK  [0m] Started LVM2 metadata daemon.
[   13.186120] Loading iSCSI transport class v2.0-870.
[[0;32m  OK  [0m] Started udev Coldplug all Devices.
[[0;32m  OK  [0m] Started Set console keymap.
[   13.466320] systemd-journald[399]: Received request to flush runtime journal from PID 1
[[0;32m  OK  [0m] Started Flush Journal to Persistent Storage.
[   13.548217] iscsi: registered transport (tcp)
[   13.928504] iscsi: registered transport (iser)
[[0;32m  OK  [0m] Started Load Kernel Modules.
         Starting Apply Kernel Variables...
         Mounting FUSE Control File System...
[[0;32m  OK  [0m] Mounted FUSE Control File System.
[[0;32m  OK  [0m] Started Create Static Device Nodes in /dev.
         Starting udev Kernel Device Manager...
[[0;32m  OK  [0m] Started Apply Kernel Variables.
[[0;32m  OK  [0m] Started Monitoring of LVM2 mirrors,...ng dmeventd or progress polling.
[[0;32m  OK  [0m] Reached target Local File Systems (Pre).
[[0;32m  OK  [0m] Reached target Local File Systems.
         Starting LSB: AppArmor initialization...
         Starting Create Volatile Files and Directories...
         Starting Tell Plymouth To Write Out Runtime Data...
         Starting Set console font and keymap...
         Starting Initial cloud-init job (pre-networking)...
[[0;32m  OK  [0m] Started Tell Plymouth To Write Out Runtime Data.
[[0;32m  OK  [0m] Started udev Kernel Device Manager.
[[0;32m  OK  [0m] Started Dispatch Password Requests to Console Directory Watch.
[[0;32m  OK  [0m] Found device /dev/ttyS0.
[[0;32m  OK  [0m] Started Create Volatile Files and Directories.
[[0;32m  OK  [0m] Started LSB: AppArmor initialization.
         Starting Update UTMP about System Boot/Shutdown...
[[0;32m  OK  [0m] Listening on Load/Save RF Kill Switch Status /dev/rfkill Watch.
[[0;32m  OK  [0m] Found device 82540EM Gigabit Ethern...r (PRO/1000 MT Desktop Adapter).
[[0;32m  OK  [0m] Found device 82540EM Gigabit Ethern...r (PRO/1000 MT Desktop Adapter).
[[0;32m  OK  [0m] Started Set console font and keymap.
[[0;32m  OK  [0m] Created slice system-getty.slice.
[[0;32m  OK  [0m] Started Update UTMP about System Boot/Shutdown.
[   21.066497] cloud-init[480]: Cloud-init v. 18.5-45-g3554ffe8-0ubuntu1~16.04.1 running 'init-local' at Mon, 06 May 2019 19:45:26 +0000. Up 20.03 seconds.
[[0;32m  OK  [0m] Started Initial cloud-init job (pre-networking).
[[0;32m  OK  [0m] Reached target Network (Pre).
[[0;32m  OK  [0m] Started ifup for enp0s8.
[[0;32m  OK  [0m] Started ifup for enp0s3.
         Starting Raise network interfaces...
[[0;32m  OK  [0m] Started Raise network interfaces.
[[0;32m  OK  [0m] Reached target Network.
         Starting Initial cloud-init job (metadata service crawler)...
[   22.960534] cloud-init[1066]: Cloud-init v. 18.5-45-g3554ffe8-0ubuntu1~16.04.1 running 'init' at Mon, 06 May 2019 19:45:28 +0000. Up 22.18 seconds.
[   22.968614] cloud-init[1066]: ci-info: ++++++++++++++++++++++++++++++++++++++Net device info+++++++++++++++++++++++++++++++++++++++
[   22.971046] cloud-init[1066]: ci-info: +--------+------+-----------------------------+---------------+--------+-------------------+
[   22.973233] cloud-init[1066]: ci-info: | Device |  Up  |           Address           |      Mask     | Scope  |     Hw-Address    |
[   22.975161] cloud-init[1066]: ci-info: +--------+------+-----------------------------+---------------+--------+-------------------+
[   22.977138] cloud-init[1066]: ci-info: | enp0s3 | True |          10.0.2.15          | 255.255.255.0 | global | 02:63:27:9f:3f:f3 |
[   22.985157] cloud-init[1066]: ci-info: | enp0s3 | True |  fe80::63:27ff:fe9f:3ff3/64 |       .       |  link  | 02:63:27:9f:3f:f3 |
[   22.987284] cloud-init[1066]: ci-info: | enp0s8 | True |       192.168.227.154       | 255.255.255.0 | global | 08:00:27:7a:48:e1 |
[   22.989270] cloud-init[1066]: ci-info: | enp0s8 | True | fe80::a00:27ff:fe7a:48e1/64 |       .       |  link  | 08:00:27:7a:48:e1 |
[   22.991174] cloud-init[1066]: ci-info: |   lo   | True |          127.0.0.1          |   255.0.0.0   |  host  |         .         |
[   23.000705] cloud-init[1066]: ci-info: |   lo   | True |           ::1/128           |       .       |  host  |         .         |
[   23.008496] cloud-init[1066]: ci-info: +--------+------+-----------------------------+---------------+--------+-------------------+
[   23.010714] cloud-init[1066]: ci-info: ++++++++++++++++++++++++++++Route IPv4 info+++++++++++++++++++++++++++++
[   23.013208] cloud-init[1066]: ci-info: +-------+---------------+----------+---------------+-----------+-------+
[   23.021214] cloud-init[1066]: ci-info: | Route |  Destination  | Gateway  |    Genmask    | Interface | Flags |
[   23.033018] cloud-init[1066]: ci-info: +-------+---------------+----------+---------------+-----------+-------+
[   23.040575] cloud-init[1066]: ci-info: |   0   |    0.0.0.0    | 10.0.2.2 |    0.0.0.0    |   enp0s3  |   UG  |
[   23.040911] cloud-init[1066]: ci-info: |   1   |    10.0.2.0   | 0.0.0.0  | 255.255.255.0 |   enp0s3  |   U   |
[[0;32m  OK  [0m] [   23.041208] Started Initial cloud-init job (metadata service crawler).cloud-init[1066]: ci-info: |   2   | 192.168.227.0 | 0.0.0.0  | 255.255.255.0 |   enp0s8  |   U   |
[   23.043033] cloud-init[1066]: ci-info: +-------+---------------+----------+---------------+-----------+-------+
[   23.043611] cloud-init[1066]: ci-info: +++++++++++++++++++Route IPv6 info+++++++++++++++++++
[   23.043968] cloud-init[1066]: ci-info: +-------+-------------+---------+-----------+-------+
[   23.044581] cloud-init[1066]: ci-info: | Route | Destination | Gateway | Interface | Flags |
[   23.045009] cloud-init[1066]: ci-info: +-------+-------------+---------+-----------+-------+
[   23.045302] cloud-init[1066]: ci-info: |   0   |  fe80::/64  |    ::   |   enp0s8  |   U   |
[   23.045581] cloud-init[1066]: ci-info: |   1   |  fe80::/64  |    ::   |   enp0s3  |   U   |
[   23.045978] cloud-init[1066]: ci-info: |   4   |   ff00::/8  |    ::   |   enp0s8  |   U   |
[   23.046420] cloud-init[1066]: ci-info: |   5   |   ff00::/8  |    ::   |   enp0s3  |   U   |
[   23.046756] cloud-init[1066]: ci-info: +-------+-------------+---------+-----------+-------+

[[0;32m  OK  [0m] Reached target System Initialization.
[[0;32m  OK  [0m] Listening on UUID daemon activation socket.
         Starting Docker Socket for the API.
         Starting LXD - unix socket.
[[0;32m  OK  [0m] Started ACPI Events Check.
[[0;32m  OK  [0m] Reached target Paths.
[[0;32m  OK  [0m] Started Daily Cleanup of Temporary Directories.
[[0;32m  OK  [0m] Listening on D-Bus System Message Bus Socket.
[[0;32m  OK  [0m] Started Daily apt download activities.
[[0;32m  OK  [0m] Started Daily apt upgrade and clean activities.
[[0;32m  OK  [0m] Reached target Timers.
[[0;32m  OK  [0m] Listening on ACPID Listen Socket.
         Starting Socket activation for snappy daemon.
[[0;32m  OK  [0m] Reached target Network is Online.
         Starting iSCSI initiator daemon (iscsid)...
[[0;32m  OK  [0m] Reached target Cloud-config availability.
[[0;32m  OK  [0m] Listening on Docker Socket for the API.
[[0;32m  OK  [0m] Listening on LXD - unix socket.
[[0;32m  OK  [0m] Listening on Socket activation for snappy daemon.
[[0;32m  OK  [0m] Reached target Sockets.
[[0;32m  OK  [0m] Reached target Basic System.
         Starting LXD - container startup/shutdown...
         Starting LSB: MD monitoring daemon...
[[0;32m  OK  [0m] Started Regular background program processing daemon.
         Starting Login Service...
         Starting Snappy daemon...
         Starting containerd container runtime...
[[0;32m  OK  [0m] Started FUSE filesystem for LXC.
[[0;32m  OK  [0m] Started ACPI event daemon.
         Starting System Logging Service...
         Starting Virtualbox guest utils...
[[0;32m  OK  [0m] Started Unattended Upgrades Shutdown.
[[0;32m  OK  [0m] Started Deferred execution scheduler.
         Starting OpenBSD Secure Shell server...
         Starting LSB: Record successful boot for GRUB...
         Starting /etc/rc.local Compatibility...
[[0;32m  OK  [0m] Started D-Bus System Message Bus.
         Starting Accounts Service...
[[0;32m  OK  [0m] Started System Logging Service.
[[0;32m  OK  [0m] Started containerd container runtime.
[[0;32m  OK  [0m] Started /etc/rc.local Compatibility.
[[0;32m  OK  [0m] Started OpenBSD Secure Shell server.
[[0;32m  OK  [0m] Started Login Service.
         Starting Docker Application Container Engine...
[[0;32m  OK  [0m] Started iSCSI initiator daemon (iscsid).
         Starting Login to default iSCSI targets...
[[0;32m  OK  [0m] Started LSB: MD monitoring daemon.
[[0;32m  OK  [0m] Started Login to default iSCSI targets.
[[0;32m  OK  [0m] Reached target Remote File Systems (Pre).
[[0;32m  OK  [0m] Reached target Remote File Systems.
         Starting LSB: daemon to balance interrupts for SMP systems...
         Starting LSB: automatic crash report generation...
         Starting LSB: Set the CPU Frequency Scaling governor to "ondemand"...
         Starting Permit User Sessions...
[[0;32m  OK  [0m] Started Permit User Sessions.
         Starting Terminate Plymouth Boot Screen...
         Starting Hold until boot process finishes up...
[[0;32m  OK  [0m] Started LSB: Set the CPU Frequency Scaling governor to "ondemand".
[[0;32m  OK  [0m] Started Terminate Plymouth Boot Screen.
[[0;32m  OK  [0m] Started Hold until boot process finishes up.
[[0;32m  OK  [0m] Started Serial Getty on ttyS0.
[[0;32m  OK  [0m] Started Getty on tty1.
[[0;32m  OK  [0m] Reached target Login Prompts.
         Starting Set console scheme...
[[0;32m  OK  [0m] Started LSB: Record successful boot for GRUB.
[[0;32m  OK  [0m] Started Set console scheme.
[[0;32m  OK  [0m] Started LSB: automatic crash report generation.
[[0;32m  OK  [0m] Started LSB: daemon to balance interrupts for SMP systems.
[[0;32m  OK  [0m] Started Virtualbox guest utils.
[[0;32m  OK  [0m] Created slice User Slice of vagrant.
         Starting User Manager for UID 1000...
[[0;32m  OK  [0m] Started Session 1 of user vagrant.
[[0;32m  OK  [0m] Started User Manager for UID 1000.
         Starting Authenticate and Authorize Users to Run Privileged Tasks...
[[0;32m  OK  [0m] Started Authenticate and Authorize Users to Run Privileged Tasks.
[[0;32m  OK  [0m] Started Accounts Service.
[[0;32m  OK  [0m] Started LXD - container startup/shutdown.
[[0;32m  OK  [0m] Started Snappy daemon.
         Starting Wait until snapd is fully seeded...
[[0;32m  OK  [0m] Started Wait until snapd is fully seeded.
         Starting Apply the settings specified in cloud-config...
[   29.995584] cloud-init[1351]: Cloud-init v. 18.5-45-g3554ffe8-0ubuntu1~16.04.1 running 'modules:config' at Mon, 06 May 2019 19:45:35 +0000. Up 29.65 seconds.
[[0;32m  OK  [0m] Started Apply the settings specified in cloud-config.

Ubuntu 16.04.6 LTS ansible ttyS0

ansible login: [   48.077584] cloud-init[2227]: Cloud-init v. 18.5-45-g3554ffe8-0ubuntu1~16.04.1 running 'modules:final' at Mon, 06 May 2019 19:45:53 +0000. Up 47.70 seconds.
[   48.078066] cloud-init[2227]: Cloud-init v. 18.5-45-g3554ffe8-0ubuntu1~16.04.1 finished at Mon, 06 May 2019 19:45:54 +0000. Datasource DataSourceNoCloud [seed=/dev/sdb][dsmode=net].  Up 48.06 seconds
         Stopping User Manager for UID 1000...
         Stopping ACPI event daemon...
[[0;32m  OK  [0m] Stopped target Timers.
         Stopping Authenticate and Authorize Users to Run Privileged Tasks...
         Stopping Daemon for generating UUIDs...
[[0;32m  OK  [0m] Stopped Daily apt upgrade and clean activities.
[[0;32m  OK  [0m] Stopped Daily apt download activities.
[[0;32m  OK  [0m] Stopped target System Time Synchronized.
[[0;32m  OK  [0m] Stopped target Graphical Interface.
         Stopping Session 4 of user vagrant.
[[0;32m  OK  [0m] Closed Load/Save RF Kill Switch Status /dev/rfkill Watch.
[[0;32m  OK  [0m] Stopped target Cloud-init target.
[[0;32m  OK  [0m] Stopped Execute cloud user/final scripts.
[[0;32m  OK  [0m] Stopped target Multi-User System.
         Stopping LSB: Set the CPU Frequency Scaling governor to "ondemand"...
         Stopping System Logging Service...
         Stopping LSB: automatic crash report generation...
         Stopping LSB: daemon to balance interrupts for SMP systems...
         Stopping LSB: Record successful boot for GRUB...
         Stopping OpenBSD Secure Shell server...
         Stopping LSB: MD monitoring daemon...
         Stopping Deferred execution scheduler...
         Stopping Virtualbox guest utils...
         Stopping Regular background program processing daemon...
         Stopping Unattended Upgrades Shutdown...
         Stopping D-Bus System Message Bus...
[[0;32m  OK  [0m] Stopped Apply the settings specified in cloud-config.
[[0;32m  OK  [0m] Stopped Wait until snapd is fully seeded.
[[0;32m  OK  [0m] Stopped target Cloud-config availability.
[[0;32m  OK  [0m] Stopped Daily Cleanup of Temporary Directories.
         Stopping LXD - container startup/shutdown...
[[0;32m  OK  [0m] Stopped target Login Prompts.
         Stopping Getty on tty1...
         Stopping Serial Getty on ttyS0...
         Stopping FUSE filesystem for LXC...
         Stopping Accounts Service...
         Stopping Docker Application Container Engine...
[[0;32m  OK  [0m] Unmounted /var/lib/lxcfs.
[[0;32m  OK  [0m] Stopped Regular background program processing daemon.
[[0;32m  OK  [0m] Stopped ACPI event daemon.
[[0;32m  OK  [0m] Stopped System Logging Service.
[[0;32m  OK  [0m] Stopped Deferred execution scheduler.
[[0;32m  OK  [0m] Stopped Accounts Service.
[[0;32m  OK  [0m] Stopped OpenBSD Secure Shell server.
[[0;32m  OK  [0m] Stopped Serial Getty on ttyS0.
[[0;32m  OK  [0m] Stopped Getty on tty1.
[[0;32m  OK  [0m] Stopped Authenticate and Authorize Users to Run Privileged Tasks.
[[0;32m  OK  [0m] Stopped Daemon for generating UUIDs.
[[0;32m  OK  [0m] Stopped User Manager for UID 1000.
[[0;32m  OK  [0m] Stopped Session 4 of user vagrant.
[[0;32m  OK  [0m] Stopped D-Bus System Message Bus.
[[0;32m  OK  [0m] Stopped FUSE filesystem for LXC.
[[0;32m  OK  [0m] Stopped LSB: Set the CPU Frequency Scaling governor to "ondemand".
[[0;32m  OK  [0m] Stopped LSB: Record successful boot for GRUB.
[[0;32m  OK  [0m] Stopped LSB: MD monitoring daemon.
[[0;32m  OK  [0m] Stopped LSB: daemon to balance interrupts for SMP systems.
[[0;32m  OK  [0m] Stopped LSB: automatic crash report generation.
[[0;32m  OK  [0m] Stopped LXD - container startup/shutdown.
[[0;32m  OK  [0m] Stopped Virtualbox guest utils.
[[0;32m  OK  [0m] Removed slice User Slice of vagrant.
         Stopping Login Service...
[[0;32m  OK  [0m] Removed slice system-getty.slice.
[[0;32m  OK  [0m] Removed slice system-serial\x2dgetty.slice.
[[0;32m  OK  [0m] Stopped /etc/rc.local Compatibility.
         Stopping Permit User Sessions...
[[0;32m  OK  [0m] Stopped Unattended Upgrades Shutdown.
[[0;32m  OK  [0m] Stopped Permit User Sessions.
[[0;32m  OK  [0m] Stopped target Remote File Systems.
[[0;32m  OK  [0m] Stopped target Remote File Systems (Pre).
         Stopping Login to default iSCSI targets...
[[0;32m  OK  [0m] Stopped Login Service.
[[0;32m  OK  [0m] Stopped target User and Group Name Lookups.
[[0;32m  OK  [0m] Stopped Login to default iSCSI targets.
         Stopping iSCSI initiator daemon (iscsid)...
[[0;32m  OK  [0m] Stopped iSCSI initiator daemon (iscsid).
[[0;32m  OK  [0m] Unmounted /run/docker/netns/3032bbbae5a4.
[[0;32m  OK  [0m] Unmounted /var/lib/docker/container...cf56ba6755f302645393/mounts/shm.
[[0;32m  OK  [0m] Unmounted /var/lib/docker/overlay2/...44384e3f6a53dcfdb961cda7/merged.
[[0;32m  OK  [0m] Unmounted /run/docker/netns/29bb4cc861ab.
[[0;32m  OK  [0m] Unmounted /var/lib/docker/container...5e0c42b83f9ba52e4a3b/mounts/shm.
[[0;32m  OK  [0m] Unmounted /var/lib/docker/overlay2/...eb9de77648e038f400bcba5a/merged.
[[0;32m  OK  [0m] Unmounted /run/docker/netns/a9ec47826f33.
[[0;32m  OK  [0m] Unmounted /var/lib/docker/container...987fe826125ee8a3fcf7/mounts/shm.
[[0;32m  OK  [0m] Unmounted /var/lib/docker/overlay2/...5dd40a9fe3230d72e7789591/merged.
[[0;32m  OK  [0m] Unmounted /run/docker/netns/713e141d4752.
[[0;32m  OK  [0m] Unmounted /var/lib/docker/container...12be6dca86e65f946ba2/mounts/shm.
[[0;32m  OK  [0m] Unmounted /var/lib/docker/overlay2/...43ed9884f4fd92f95d5048a5/merged.
[[0;32m  OK  [0m] Stopped Docker Application Container Engine.
         Stopping containerd container runtime...
[[0;32m  OK  [0m] Stopped target Network is Online.
[[0;32m  OK  [0m] Stopped containerd container runtime.
[[0;32m  OK  [0m] Stopped target Basic System.
[[0;32m  OK  [0m] Stopped target Paths.
[[0;32m  OK  [0m] Stopped ACPI Events Check.
[[0;32m  OK  [0m] Stopped Dispatch Password Requests to Console Directory Watch.
[[0;32m  OK  [0m] Stopped Forward Password Requests to Wall Directory Watch.
[[0;32m  OK  [0m] Stopped target Slices.
[[0;32m  OK  [0m] Removed slice User and Session Slice.
[[0;32m  OK  [0m] Stopped target Sockets.
[[0;32m  OK  [0m] Closed Socket activation for snappy daemon.
[[0;32m  OK  [0m] Closed ACPID Listen Socket.
[[0;32m  OK  [0m] Closed Syslog Socket.
[[0;32m  OK  [0m] Closed LXD - unix socket.
[[0;32m  OK  [0m] Closed UUID daemon activation socket.
[[0;32m  OK  [0m] Closed D-Bus System Message Bus Socket.
[[0;32m  OK  [0m] Closed Docker Socket for the API.
[[0;32m  OK  [0m] Stopped target System Initialization.
[[0;32m  OK  [0m] Stopped Create Volatile Files and Directories.
[[0;32m  OK  [0m] Stopped Initial cloud-init job (metadata service crawler).
[[0;32m  OK  [0m] Stopped target Swap.
         Stopping Load/Save Random Seed...
[[0;32m  OK  [0m] Stopped target Encrypted Volumes.
[[0;32m  OK  [0m] Stopped target Network.
         Stopping Raise network interfaces...
[[0;32m  OK  [0m] Stopped Load/Save Random Seed.
[[0;32m  OK  [0m] Stopped Raise network interfaces.
[[0;32m  OK  [0m] Stopped Apply Kernel Variables.
[[0;32m  OK  [0m] Stopped target Network (Pre).
[[0;32m  OK  [0m] Stopped Initial cloud-init job (pre-networking).
[[0;32m  OK  [0m] Stopped Load Kernel Modules.
[[0;32m  OK  [0m] Stopped target Local File Systems.
         Unmounting /vagrant...
         Unmounting /run/user/1000...
[[0;32m  OK  [0m] Unmounted /run/user/1000.
[[0;32m  OK  [0m] Unmounted /vagrant.
[[0;32m  OK  [0m] Reached target Unmount All Filesystems.
[[0;32m  OK  [0m] Stopped target Local File Systems (Pre).
         Stopping Monitoring of LVM2 mirrors... dmeventd or progress polling...
[[0;32m  OK  [0m] Stopped Remount Root and Kernel File Systems.
[[0;32m  OK  [0m] Stopped Create Static Device Nodes in /dev.
[[0;32m  OK  [0m] Reached target Shutdown.
[ 3596.082000] reboot: Power down
